// Jest Snapshot v1, https://goo.gl/fbAQLP

exports[`render correctly 1`] = `
<div
  className="home"
>
  <h1>
    Welcome to our page!
  </h1>
  <p>
    Lorem ipsum dolor sit amet consectetur adipisicing elit. Accusamus, minus. Expedita, tempora nihil beatae nostrum aliquam facilis eligendi sequi repellat!
  </p>
  <p>
    Lorem ipsum dolor sit amet consectetur adipisicing elit. Obcaecati vero molestiae nostrum aspernatur temporibus nulla.
  </p>
</div>
`;
