// Jest Snapshot v1, https://goo.gl/fbAQLP

exports[`navbar render correctly render correctly 1`] = `undefined`;
