// Jest Snapshot v1, https://goo.gl/fbAQLP

exports[`render correctly 1`] = `
<div
  className="quote"
>
  <blockquote>
    Mathematics is not about numbers, equations, comutation or algorithms: It is about understanding 
  </blockquote>
  <cite>
    WIlliam Paul Thurston
  </cite>
</div>
`;
